 
ERROR: JAVA_HOME is set to an invalid directory: C:\Program Files\Microsoft\jdk-21.0.9.10-hotspot  
 
Please set the JAVA_HOME variable in your environment to match the 
location of your Java installation. 
EXITCODE=0 
